<?xml version="1.0" encoding="ISO-8859-1" ?>
<link_info>
   <banner>TI ARM Linker PC v20.2.1.LTS</banner>
   <copyright>Copyright (c) 1996-2018 Texas Instruments Incorporated</copyright>
   <link_time>0x5fd14600</link_time>
   <link_errors>0x0</link_errors>
   <output_file>353FinalProjectActual.out</output_file>
   <entry_point>
      <name>_c_int00_noargs</name>
      <address>0x7201</address>
   </entry_point>
   <input_file_list>
      <input_file id="fl-2">
         <path>.\</path>
         <kind>object</kind>
         <file>bullet.obj</file>
         <name>bullet.obj</name>
      </input_file>
      <input_file id="fl-3">
         <path>.\</path>
         <kind>object</kind>
         <file>ece353.obj</file>
         <name>ece353.obj</name>
      </input_file>
      <input_file id="fl-4">
         <path>.\</path>
         <kind>object</kind>
         <file>i2c.obj</file>
         <name>i2c.obj</name>
      </input_file>
      <input_file id="fl-5">
         <path>.\</path>
         <kind>object</kind>
         <file>lcd.obj</file>
         <name>lcd.obj</name>
      </input_file>
      <input_file id="fl-6">
         <path>.\</path>
         <kind>object</kind>
         <file>main.obj</file>
         <name>main.obj</name>
      </input_file>
      <input_file id="fl-7">
         <path>.\</path>
         <kind>object</kind>
         <file>music.obj</file>
         <name>music.obj</name>
      </input_file>
      <input_file id="fl-8">
         <path>.\</path>
         <kind>object</kind>
         <file>scope.obj</file>
         <name>scope.obj</name>
      </input_file>
      <input_file id="fl-9">
         <path>.\</path>
         <kind>object</kind>
         <file>shot.obj</file>
         <name>shot.obj</name>
      </input_file>
      <input_file id="fl-a">
         <path>.\</path>
         <kind>object</kind>
         <file>startup_msp432p401r_ccs.obj</file>
         <name>startup_msp432p401r_ccs.obj</name>
      </input_file>
      <input_file id="fl-b">
         <path>.\</path>
         <kind>object</kind>
         <file>system_msp432p401r.obj</file>
         <name>system_msp432p401r.obj</name>
      </input_file>
      <input_file id="fl-c">
         <path>.\</path>
         <kind>object</kind>
         <file>task_game.obj</file>
         <name>task_game.obj</name>
      </input_file>
      <input_file id="fl-d">
         <path>.\</path>
         <kind>object</kind>
         <file>task_joystick.obj</file>
         <name>task_joystick.obj</name>
      </input_file>
      <input_file id="fl-e">
         <path>.\</path>
         <kind>object</kind>
         <file>task_light.obj</file>
         <name>task_light.obj</name>
      </input_file>
      <input_file id="fl-f">
         <path>.\</path>
         <kind>object</kind>
         <file>task_s2.obj</file>
         <name>task_s2.obj</name>
      </input_file>
      <input_file id="fl-10">
         <path>.\FreeRTOS\</path>
         <kind>object</kind>
         <file>croutine.obj</file>
         <name>croutine.obj</name>
      </input_file>
      <input_file id="fl-11">
         <path>.\FreeRTOS\</path>
         <kind>object</kind>
         <file>event_groups.obj</file>
         <name>event_groups.obj</name>
      </input_file>
      <input_file id="fl-12">
         <path>.\FreeRTOS\</path>
         <kind>object</kind>
         <file>heap_4.obj</file>
         <name>heap_4.obj</name>
      </input_file>
      <input_file id="fl-13">
         <path>.\FreeRTOS\</path>
         <kind>object</kind>
         <file>list.obj</file>
         <name>list.obj</name>
      </input_file>
      <input_file id="fl-14">
         <path>.\FreeRTOS\</path>
         <kind>object</kind>
         <file>queue.obj</file>
         <name>queue.obj</name>
      </input_file>
      <input_file id="fl-15">
         <path>.\FreeRTOS\</path>
         <kind>object</kind>
         <file>stream_buffer.obj</file>
         <name>stream_buffer.obj</name>
      </input_file>
      <input_file id="fl-16">
         <path>.\FreeRTOS\</path>
         <kind>object</kind>
         <file>tasks.obj</file>
         <name>tasks.obj</name>
      </input_file>
      <input_file id="fl-17">
         <path>.\FreeRTOS\</path>
         <kind>object</kind>
         <file>timers.obj</file>
         <name>timers.obj</name>
      </input_file>
      <input_file id="fl-18">
         <path>.\FreeRTOS\portable\</path>
         <kind>object</kind>
         <file>port.obj</file>
         <name>port.obj</name>
      </input_file>
      <input_file id="fl-19">
         <path>.\FreeRTOS\portable\</path>
         <kind>object</kind>
         <file>portasm.obj</file>
         <name>portasm.obj</name>
      </input_file>
      <input_file id="fl-1d">
         <kind>object</kind>
         <file>&lt;internal&gt;</file>
         <name>&lt;internal&gt;</name>
      </input_file>
      <input_file id="fl-d3">
         <path>C:\ti\ccs1010\ccs\tools\compiler\ti-cgt-arm_20.2.1.LTS\lib\</path>
         <kind>archive</kind>
         <file>rtsv7M4_T_le_v4SPD16_eabi.lib</file>
         <name>e_pow.c.obj</name>
      </input_file>
      <input_file id="fl-d4">
         <path>C:\ti\ccs1010\ccs\tools\compiler\ti-cgt-arm_20.2.1.LTS\lib\</path>
         <kind>archive</kind>
         <file>rtsv7M4_T_le_v4SPD16_eabi.lib</file>
         <name>e_sqrt.c.obj</name>
      </input_file>
      <input_file id="fl-d5">
         <path>C:\ti\ccs1010\ccs\tools\compiler\ti-cgt-arm_20.2.1.LTS\lib\</path>
         <kind>archive</kind>
         <file>rtsv7M4_T_le_v4SPD16_eabi.lib</file>
         <name>s_scalbn.c.obj</name>
      </input_file>
      <input_file id="fl-d6">
         <path>C:\ti\ccs1010\ccs\tools\compiler\ti-cgt-arm_20.2.1.LTS\lib\</path>
         <kind>archive</kind>
         <file>rtsv7M4_T_le_v4SPD16_eabi.lib</file>
         <name>memset_t2.asm.obj</name>
      </input_file>
      <input_file id="fl-d7">
         <path>C:\ti\ccs1010\ccs\tools\compiler\ti-cgt-arm_20.2.1.LTS\lib\</path>
         <kind>archive</kind>
         <file>rtsv7M4_T_le_v4SPD16_eabi.lib</file>
         <name>fd_add_t2.asm.obj</name>
      </input_file>
      <input_file id="fl-d8">
         <path>C:\ti\ccs1010\ccs\tools\compiler\ti-cgt-arm_20.2.1.LTS\lib\</path>
         <kind>archive</kind>
         <file>rtsv7M4_T_le_v4SPD16_eabi.lib</file>
         <name>fd_cmp_t2.asm.obj</name>
      </input_file>
      <input_file id="fl-d9">
         <path>C:\ti\ccs1010\ccs\tools\compiler\ti-cgt-arm_20.2.1.LTS\lib\</path>
         <kind>archive</kind>
         <file>rtsv7M4_T_le_v4SPD16_eabi.lib</file>
         <name>fd_div_t2.asm.obj</name>
      </input_file>
      <input_file id="fl-da">
         <path>C:\ti\ccs1010\ccs\tools\compiler\ti-cgt-arm_20.2.1.LTS\lib\</path>
         <kind>archive</kind>
         <file>rtsv7M4_T_le_v4SPD16_eabi.lib</file>
         <name>fd_mul_t2.asm.obj</name>
      </input_file>
      <input_file id="fl-db">
         <path>C:\ti\ccs1010\ccs\tools\compiler\ti-cgt-arm_20.2.1.LTS\lib\</path>
         <kind>archive</kind>
         <file>rtsv7M4_T_le_v4SPD16_eabi.lib</file>
         <name>i_tofd_t2.asm.obj</name>
      </input_file>
      <input_file id="fl-dc">
         <path>C:\ti\ccs1010\ccs\tools\compiler\ti-cgt-arm_20.2.1.LTS\lib\</path>
         <kind>archive</kind>
         <file>rtsv7M4_T_le_v4SPD16_eabi.lib</file>
         <name>memcpy_t2.asm.obj</name>
      </input_file>
      <input_file id="fl-dd">
         <path>C:\ti\ccs1010\ccs\tools\compiler\ti-cgt-arm_20.2.1.LTS\lib\</path>
         <kind>archive</kind>
         <file>rtsv7M4_T_le_v4SPD16_eabi.lib</file>
         <name>copy_zero_init.c.obj</name>
      </input_file>
      <input_file id="fl-de">
         <path>C:\ti\ccs1010\ccs\tools\compiler\ti-cgt-arm_20.2.1.LTS\lib\</path>
         <kind>archive</kind>
         <file>rtsv7M4_T_le_v4SPD16_eabi.lib</file>
         <name>copy_decompress_none.c.obj</name>
      </input_file>
      <input_file id="fl-df">
         <path>C:\ti\ccs1010\ccs\tools\compiler\ti-cgt-arm_20.2.1.LTS\lib\</path>
         <kind>archive</kind>
         <file>rtsv7M4_T_le_v4SPD16_eabi.lib</file>
         <name>copy_decompress_lzss.c.obj</name>
      </input_file>
      <input_file id="fl-e0">
         <path>C:\ti\ccs1010\ccs\tools\compiler\ti-cgt-arm_20.2.1.LTS\lib\</path>
         <kind>archive</kind>
         <file>rtsv7M4_T_le_v4SPD16_eabi.lib</file>
         <name>errno.c.obj</name>
      </input_file>
      <input_file id="fl-e1">
         <path>C:\ti\ccs1010\ccs\tools\compiler\ti-cgt-arm_20.2.1.LTS\lib\</path>
         <kind>archive</kind>
         <file>rtsv7M4_T_le_v4SPD16_eabi.lib</file>
         <name>boot_cortex_m.c.obj</name>
      </input_file>
      <input_file id="fl-e2">
         <path>C:\ti\ccs1010\ccs\tools\compiler\ti-cgt-arm_20.2.1.LTS\lib\</path>
         <kind>archive</kind>
         <file>rtsv7M4_T_le_v4SPD16_eabi.lib</file>
         <name>s_copysign.c.obj</name>
      </input_file>
      <input_file id="fl-e3">
         <path>C:\ti\ccs1010\ccs\tools\compiler\ti-cgt-arm_20.2.1.LTS\lib\</path>
         <kind>archive</kind>
         <file>rtsv7M4_T_le_v4SPD16_eabi.lib</file>
         <name>autoinit.c.obj</name>
      </input_file>
      <input_file id="fl-e4">
         <path>C:\ti\ccs1010\ccs\tools\compiler\ti-cgt-arm_20.2.1.LTS\lib\</path>
         <kind>archive</kind>
         <file>rtsv7M4_T_le_v4SPD16_eabi.lib</file>
         <name>pre_init.c.obj</name>
      </input_file>
      <input_file id="fl-e5">
         <path>C:\ti\ccs1010\ccs\tools\compiler\ti-cgt-arm_20.2.1.LTS\lib\</path>
         <kind>archive</kind>
         <file>rtsv7M4_T_le_v4SPD16_eabi.lib</file>
         <name>cpy_tbl.c.obj</name>
      </input_file>
      <input_file id="fl-e6">
         <path>C:\ti\ccs1010\ccs\tools\compiler\ti-cgt-arm_20.2.1.LTS\lib\</path>
         <kind>archive</kind>
         <file>rtsv7M4_T_le_v4SPD16_eabi.lib</file>
         <name>exit.c.obj</name>
      </input_file>
      <input_file id="fl-e7">
         <path>C:\ti\ccs1010\ccs\tools\compiler\ti-cgt-arm_20.2.1.LTS\lib\</path>
         <kind>archive</kind>
         <file>rtsv7M4_T_le_v4SPD16_eabi.lib</file>
         <name>_lock.c.obj</name>
      </input_file>
      <input_file id="fl-e8">
         <path>C:\ti\ccs1010\ccs\tools\compiler\ti-cgt-arm_20.2.1.LTS\lib\</path>
         <kind>archive</kind>
         <file>rtsv7M4_T_le_v4SPD16_eabi.lib</file>
         <name>args_main.c.obj</name>
      </input_file>
   </input_file_list>
   <object_component_list>
      <object_component id="oc-26">
         <name>.intvecs:retain</name>
         <load_address>0x0</load_address>
         <run_address>0x0</run_address>
         <size>0xe4</size>
         <input_file_ref idref="fl-a"/>
      </object_component>
      <object_component id="oc-c3">
         <name>.text</name>
         <load_address>0xe4</load_address>
         <run_address>0xe4</run_address>
         <size>0x20c4</size>
         <input_file_ref idref="fl-16"/>
      </object_component>
      <object_component id="oc-de">
         <name>.text</name>
         <load_address>0x21a8</load_address>
         <run_address>0x21a8</run_address>
         <size>0x10f0</size>
         <input_file_ref idref="fl-14"/>
      </object_component>
      <object_component id="oc-227">
         <name>.text:pow</name>
         <load_address>0x3298</load_address>
         <run_address>0x3298</run_address>
         <size>0x9c0</size>
         <input_file_ref idref="fl-d3"/>
      </object_component>
      <object_component id="oc-1ab">
         <name>.text</name>
         <load_address>0x3c58</load_address>
         <run_address>0x3c58</run_address>
         <size>0x7a4</size>
         <input_file_ref idref="fl-17"/>
      </object_component>
      <object_component id="oc-11a">
         <name>.text</name>
         <load_address>0x43fc</load_address>
         <run_address>0x43fc</run_address>
         <size>0x6b8</size>
         <input_file_ref idref="fl-3"/>
      </object_component>
      <object_component id="oc-1fa">
         <name>.text</name>
         <load_address>0x4ab4</load_address>
         <run_address>0x4ab4</run_address>
         <size>0x518</size>
         <input_file_ref idref="fl-5"/>
      </object_component>
      <object_component id="oc-72">
         <name>.text</name>
         <load_address>0x4fcc</load_address>
         <run_address>0x4fcc</run_address>
         <size>0x438</size>
         <input_file_ref idref="fl-18"/>
      </object_component>
      <object_component id="oc-193">
         <name>.text</name>
         <load_address>0x5404</load_address>
         <run_address>0x5404</run_address>
         <size>0x42c</size>
         <input_file_ref idref="fl-12"/>
      </object_component>
      <object_component id="oc-114">
         <name>.text</name>
         <load_address>0x5830</load_address>
         <run_address>0x5830</run_address>
         <size>0x3d0</size>
         <input_file_ref idref="fl-c"/>
      </object_component>
      <object_component id="oc-b6">
         <name>.text</name>
         <load_address>0x5c00</load_address>
         <run_address>0x5c00</run_address>
         <size>0x354</size>
         <input_file_ref idref="fl-b"/>
      </object_component>
      <object_component id="oc-78">
         <name>.text</name>
         <load_address>0x5f54</load_address>
         <run_address>0x5f54</run_address>
         <size>0x218</size>
         <input_file_ref idref="fl-d"/>
      </object_component>
      <object_component id="oc-126">
         <name>.text</name>
         <load_address>0x616c</load_address>
         <run_address>0x616c</run_address>
         <size>0x1c0</size>
         <input_file_ref idref="fl-4"/>
      </object_component>
      <object_component id="oc-2c7">
         <name>.text</name>
         <load_address>0x632c</load_address>
         <run_address>0x632c</run_address>
         <size>0x1b6</size>
         <input_file_ref idref="fl-d7"/>
      </object_component>
      <object_component id="oc-120">
         <name>.text</name>
         <load_address>0x64e4</load_address>
         <run_address>0x64e4</run_address>
         <size>0x168</size>
         <input_file_ref idref="fl-7"/>
      </object_component>
      <object_component id="oc-2d1">
         <name>.text:sqrt</name>
         <load_address>0x664c</load_address>
         <run_address>0x664c</run_address>
         <size>0x158</size>
         <input_file_ref idref="fl-d4"/>
      </object_component>
      <object_component id="oc-2cc">
         <name>.text</name>
         <load_address>0x67a4</load_address>
         <run_address>0x67a4</run_address>
         <size>0x136</size>
         <input_file_ref idref="fl-d9"/>
      </object_component>
      <object_component id="oc-199">
         <name>.text</name>
         <load_address>0x68da</load_address>
         <run_address>0x68da</run_address>
         <size>0x12a</size>
         <input_file_ref idref="fl-13"/>
      </object_component>
      <object_component id="oc-a4">
         <name>.text</name>
         <load_address>0x6a04</load_address>
         <run_address>0x6a04</run_address>
         <size>0x124</size>
         <input_file_ref idref="fl-6"/>
      </object_component>
      <object_component id="oc-2e5">
         <name>.text:scalbn</name>
         <load_address>0x6b28</load_address>
         <run_address>0x6b28</run_address>
         <size>0x110</size>
         <input_file_ref idref="fl-d5"/>
      </object_component>
      <object_component id="oc-22d">
         <name>.text</name>
         <load_address>0x6c38</load_address>
         <run_address>0x6c38</run_address>
         <size>0xfc</size>
         <input_file_ref idref="fl-da"/>
      </object_component>
      <object_component id="oc-6d">
         <name>.text</name>
         <load_address>0x6d34</load_address>
         <run_address>0x6d34</run_address>
         <size>0xda</size>
         <input_file_ref idref="fl-19"/>
      </object_component>
      <object_component id="oc-12c">
         <name>.text</name>
         <load_address>0x6e10</load_address>
         <run_address>0x6e10</run_address>
         <size>0xcc</size>
         <input_file_ref idref="fl-e"/>
      </object_component>
      <object_component id="oc-37">
         <name>.text</name>
         <load_address>0x6edc</load_address>
         <run_address>0x6edc</run_address>
         <size>0x9c</size>
         <input_file_ref idref="fl-dc"/>
      </object_component>
      <object_component id="oc-2e0">
         <name>.text:__aeabi_cdcmple</name>
         <load_address>0x6f78</load_address>
         <run_address>0x6f78</run_address>
         <size>0x86</size>
         <input_file_ref idref="fl-d8"/>
      </object_component>
      <object_component id="oc-232">
         <name>.text:__aeabi_cdrcmple</name>
         <load_address>0x6ffe</load_address>
         <run_address>0x6ffe</run_address>
         <size>0x86</size>
         <input_file_ref idref="fl-d8"/>
      </object_component>
      <object_component id="oc-98">
         <name>.text</name>
         <load_address>0x7084</load_address>
         <run_address>0x7084</run_address>
         <size>0x7a</size>
         <input_file_ref idref="fl-d6"/>
      </object_component>
      <object_component id="oc-17">
         <name>.text:decompress:lzss:__TI_decompress_lzss</name>
         <load_address>0x70fe</load_address>
         <run_address>0x70fe</run_address>
         <size>0x68</size>
         <input_file_ref idref="fl-df"/>
      </object_component>
      <object_component id="oc-139">
         <name>.text</name>
         <load_address>0x7168</load_address>
         <run_address>0x7168</run_address>
         <size>0x54</size>
         <input_file_ref idref="fl-f"/>
      </object_component>
      <object_component id="oc-153">
         <name>.text:__TI_auto_init_nobinit_nopinit:__TI_auto_init_nobinit_nopinit</name>
         <load_address>0x71bc</load_address>
         <run_address>0x71bc</run_address>
         <size>0x44</size>
         <input_file_ref idref="fl-e3"/>
      </object_component>
      <object_component id="oc-55">
         <name>.text:_c_int00_noargs:_c_int00_noargs</name>
         <load_address>0x7200</load_address>
         <run_address>0x7200</run_address>
         <size>0x34</size>
         <input_file_ref idref="fl-e1"/>
      </object_component>
      <object_component id="oc-222">
         <name>.text</name>
         <load_address>0x7234</load_address>
         <run_address>0x7234</run_address>
         <size>0x2e</size>
         <input_file_ref idref="fl-db"/>
      </object_component>
      <object_component id="oc-35d">
         <name>.text:copysign</name>
         <load_address>0x7262</load_address>
         <run_address>0x7262</run_address>
         <size>0x1a</size>
         <input_file_ref idref="fl-e2"/>
      </object_component>
      <object_component id="oc-1d">
         <name>.text:decompress:none:__TI_decompress_none</name>
         <load_address>0x727c</load_address>
         <run_address>0x727c</run_address>
         <size>0xe</size>
         <input_file_ref idref="fl-de"/>
      </object_component>
      <object_component id="oc-67">
         <name>.text</name>
         <load_address>0x728a</load_address>
         <run_address>0x728a</run_address>
         <size>0xe</size>
         <input_file_ref idref="fl-a"/>
      </object_component>
      <object_component id="oc-49">
         <name>.text:decompress:ZI:__TI_zero_init</name>
         <load_address>0x7298</load_address>
         <run_address>0x7298</run_address>
         <size>0xc</size>
         <input_file_ref idref="fl-dd"/>
      </object_component>
      <object_component id="oc-2d7">
         <name>.text:__aeabi_errno_addr</name>
         <load_address>0x72a4</load_address>
         <run_address>0x72a4</run_address>
         <size>0x8</size>
         <input_file_ref idref="fl-e0"/>
      </object_component>
      <object_component id="oc-9e">
         <name>.text:_system_pre_init</name>
         <load_address>0x72ac</load_address>
         <run_address>0x72ac</run_address>
         <size>0x4</size>
         <input_file_ref idref="fl-e4"/>
      </object_component>
      <object_component id="oc-147">
         <name>.text:abort:abort</name>
         <load_address>0x72b0</load_address>
         <run_address>0x72b0</run_address>
         <size>0x4</size>
         <input_file_ref idref="fl-e6"/>
      </object_component>
      <object_component id="oc-200">
         <name>.const:.string:scopePaintBitmaps</name>
         <load_address>0x72b8</load_address>
         <run_address>0x72b8</run_address>
         <size>0x17a</size>
         <input_file_ref idref="fl-8"/>
      </object_component>
      <object_component id="oc-20a">
         <name>.const</name>
         <load_address>0x7432</load_address>
         <run_address>0x7432</run_address>
         <size>0x2</size>
         <input_file_ref idref="fl-2"/>
      </object_component>
      <object_component id="oc-203">
         <name>.const</name>
         <load_address>0x7434</load_address>
         <run_address>0x7434</run_address>
         <size>0x2</size>
         <input_file_ref idref="fl-8"/>
      </object_component>
      <object_component id="oc-210">
         <name>.const</name>
         <load_address>0x7436</load_address>
         <run_address>0x7436</run_address>
         <size>0x2</size>
         <input_file_ref idref="fl-9"/>
      </object_component>
      <object_component id="oc-2dd">
         <name>.const:$O1$$</name>
         <load_address>0x7438</load_address>
         <run_address>0x7438</run_address>
         <size>0x30</size>
         <input_file_ref idref="fl-d3"/>
      </object_component>
      <object_component id="oc-20d">
         <name>.const:.string:bulletBitmaps</name>
         <load_address>0x7468</load_address>
         <run_address>0x7468</run_address>
         <size>0x13</size>
         <input_file_ref idref="fl-2"/>
      </object_component>
      <object_component id="oc-213">
         <name>.const:.string:shotBitmaps</name>
         <load_address>0x747b</load_address>
         <run_address>0x747b</run_address>
         <size>0xa</size>
         <input_file_ref idref="fl-9"/>
      </object_component>
      <object_component id="oc-c0">
         <name>.const</name>
         <load_address>0x7488</load_address>
         <run_address>0x7488</run_address>
         <size>0x8</size>
         <input_file_ref idref="fl-18"/>
      </object_component>
      <object_component id="oc-3bf">
         <name>.cinit..data.load</name>
         <load_address>0x7490</load_address>
         <run_address>0x7490</run_address>
         <size>0x53</size>
      </object_component>
      <object_component id="oc-3bd">
         <name>__TI_handler_table</name>
         <load_address>0x74e4</load_address>
         <run_address>0x74e4</run_address>
         <size>0xc</size>
      </object_component>
      <object_component id="oc-3c0">
         <name>.cinit..bss.load</name>
         <load_address>0x74f0</load_address>
         <run_address>0x74f0</run_address>
         <size>0x8</size>
      </object_component>
      <object_component id="oc-3be">
         <name>__TI_cinit_table</name>
         <load_address>0x74f8</load_address>
         <run_address>0x74f8</run_address>
         <size>0x10</size>
      </object_component>
      <object_component id="oc-391">
         <name>.binit</name>
         <load_address>0x0</load_address>
         <run_address>0x0</run_address>
         <size>0x0</size>
      </object_component>
      <object_component id="oc-218">
         <name>.data:Game_Sounds</name>
         <load_address>0x20008184</load_address>
         <run_address>0x20008184</run_address>
         <size>0x78</size>
         <input_file_ref idref="fl-7"/>
      </object_component>
      <object_component id="oc-185">
         <name>.data</name>
         <load_address>0x20008298</load_address>
         <run_address>0x20008298</run_address>
         <size>0x4</size>
         <input_file_ref idref="fl-b"/>
      </object_component>
      <object_component id="oc-206">
         <name>.data</name>
         <load_address>0x20008230</load_address>
         <run_address>0x20008230</run_address>
         <size>0x1c</size>
         <input_file_ref idref="fl-c"/>
      </object_component>
      <object_component id="oc-e4">
         <name>.data</name>
         <load_address>0x2000827c</load_address>
         <run_address>0x2000827c</run_address>
         <size>0xc</size>
         <input_file_ref idref="fl-d"/>
      </object_component>
      <object_component id="oc-136">
         <name>.data</name>
         <load_address>0x2000829c</load_address>
         <run_address>0x2000829c</run_address>
         <size>0x4</size>
         <input_file_ref idref="fl-f"/>
      </object_component>
      <object_component id="oc-273">
         <name>.data</name>
         <load_address>0x2000824c</load_address>
         <run_address>0x2000824c</run_address>
         <size>0x18</size>
         <input_file_ref idref="fl-12"/>
      </object_component>
      <object_component id="oc-bd">
         <name>.data</name>
         <load_address>0x200081fc</load_address>
         <run_address>0x200081fc</run_address>
         <size>0x34</size>
         <input_file_ref idref="fl-16"/>
      </object_component>
      <object_component id="oc-288">
         <name>.data</name>
         <load_address>0x20008288</load_address>
         <run_address>0x20008288</run_address>
         <size>0xc</size>
         <input_file_ref idref="fl-17"/>
      </object_component>
      <object_component id="oc-ca">
         <name>.data</name>
         <load_address>0x20008264</load_address>
         <run_address>0x20008264</run_address>
         <size>0x18</size>
         <input_file_ref idref="fl-18"/>
      </object_component>
      <object_component id="oc-355">
         <name>.data</name>
         <load_address>0x20008294</load_address>
         <run_address>0x20008294</run_address>
         <size>0x4</size>
         <input_file_ref idref="fl-e0"/>
      </object_component>
      <object_component id="oc-279">
         <name>.bss:ucHeap</name>
         <uninitialized>true</uninitialized>
         <run_address>0x20000000</run_address>
         <size>0x8000</size>
         <input_file_ref idref="fl-12"/>
      </object_component>
      <object_component id="oc-276">
         <name>.bss:xStart</name>
         <uninitialized>true</uninitialized>
         <run_address>0x20008164</run_address>
         <size>0x8</size>
         <input_file_ref idref="fl-12"/>
      </object_component>
      <object_component id="oc-19f">
         <name>.bss:pxReadyTasksLists</name>
         <uninitialized>true</uninitialized>
         <run_address>0x20008000</run_address>
         <size>0xc8</size>
         <input_file_ref idref="fl-16"/>
      </object_component>
      <object_component id="oc-1b4">
         <name>.bss:xDelayedTaskList1</name>
         <uninitialized>true</uninitialized>
         <run_address>0x200080f0</run_address>
         <size>0x14</size>
         <input_file_ref idref="fl-16"/>
      </object_component>
      <object_component id="oc-1b7">
         <name>.bss:xDelayedTaskList2</name>
         <uninitialized>true</uninitialized>
         <run_address>0x20008104</run_address>
         <size>0x14</size>
         <input_file_ref idref="fl-16"/>
      </object_component>
      <object_component id="oc-1a5">
         <name>.bss</name>
         <uninitialized>true</uninitialized>
         <run_address>0x20008154</run_address>
         <size>0x8</size>
         <input_file_ref idref="fl-16"/>
      </object_component>
      <object_component id="oc-1b1">
         <name>.bss:xPendingReadyList</name>
         <uninitialized>true</uninitialized>
         <run_address>0x20008118</run_address>
         <size>0x14</size>
         <input_file_ref idref="fl-16"/>
      </object_component>
      <object_component id="oc-1a2">
         <name>.bss:xTasksWaitingTermination</name>
         <uninitialized>true</uninitialized>
         <run_address>0x20008140</run_address>
         <size>0x14</size>
         <input_file_ref idref="fl-16"/>
      </object_component>
      <object_component id="oc-1a8">
         <name>.bss:xSuspendedTaskList</name>
         <uninitialized>true</uninitialized>
         <run_address>0x2000812c</run_address>
         <size>0x14</size>
         <input_file_ref idref="fl-16"/>
      </object_component>
      <object_component id="oc-28e">
         <name>.bss:xActiveTimerList1</name>
         <uninitialized>true</uninitialized>
         <run_address>0x200080c8</run_address>
         <size>0x14</size>
         <input_file_ref idref="fl-17"/>
      </object_component>
      <object_component id="oc-291">
         <name>.bss:xActiveTimerList2</name>
         <uninitialized>true</uninitialized>
         <run_address>0x200080dc</run_address>
         <size>0x14</size>
         <input_file_ref idref="fl-17"/>
      </object_component>
      <object_component id="oc-28b">
         <name>.bss</name>
         <uninitialized>true</uninitialized>
         <run_address>0x2000815c</run_address>
         <size>0x8</size>
         <input_file_ref idref="fl-17"/>
      </object_component>
      <object_component id="oc-132">
         <name>.common:Task_Game_Handle</name>
         <uninitialized>true</uninitialized>
         <run_address>0x20008170</run_address>
         <size>0x4</size>
      </object_component>
      <object_component id="oc-e7">
         <name>.common:Queue_Scope</name>
         <uninitialized>true</uninitialized>
         <run_address>0x2000816c</run_address>
         <size>0x4</size>
      </object_component>
      <object_component id="oc-ea">
         <name>.common:Task_Joystick_Handle</name>
         <uninitialized>true</uninitialized>
         <run_address>0x20008174</run_address>
         <size>0x4</size>
      </object_component>
      <object_component id="oc-13f">
         <name>.common:Task_Joystick_Timer_Handle</name>
         <uninitialized>true</uninitialized>
         <run_address>0x20008178</run_address>
         <size>0x4</size>
      </object_component>
      <object_component id="oc-133">
         <name>.common:Task_Light_Handle</name>
         <uninitialized>true</uninitialized>
         <run_address>0x2000817c</run_address>
         <size>0x4</size>
      </object_component>
      <object_component id="oc-209">
         <name>.common:brightLight</name>
         <uninitialized>true</uninitialized>
         <run_address>0x20008180</run_address>
         <size>0x1</size>
      </object_component>
      <object_component id="oc-29">
         <name>.stack</name>
         <uninitialized>true</uninitialized>
         <run_address>0x2000fe00</run_address>
         <size>0x4</size>
         <input_file_ref idref="fl-e1"/>
      </object_component>
      <object_component id="oc-3c2">
         <name>.stack</name>
         <uninitialized>true</uninitialized>
         <run_address>0x2000fe00</run_address>
         <size>0x0</size>
      </object_component>
      <object_component id="oc-1ce">
         <name>.debug_info</name>
         <load_address>0x0</load_address>
         <run_address>0x0</run_address>
         <size>0x69c</size>
         <input_file_ref idref="fl-2"/>
      </object_component>
      <object_component id="oc-20e">
         <name>.debug_info</name>
         <load_address>0x69c</load_address>
         <run_address>0x69c</run_address>
         <size>0xeb</size>
         <input_file_ref idref="fl-2"/>
      </object_component>
      <object_component id="oc-20b">
         <name>.debug_info</name>
         <load_address>0x787</load_address>
         <run_address>0x787</run_address>
         <size>0x128</size>
         <input_file_ref idref="fl-2"/>
      </object_component>
      <object_component id="oc-141">
         <name>.debug_info</name>
         <load_address>0x8af</load_address>
         <run_address>0x8af</run_address>
         <size>0x315</size>
         <input_file_ref idref="fl-2"/>
      </object_component>
      <object_component id="oc-ee">
         <name>.debug_info</name>
         <load_address>0xbc4</load_address>
         <run_address>0xbc4</run_address>
         <size>0xc2</size>
         <input_file_ref idref="fl-2"/>
      </object_component>
      <object_component id="oc-ff">
         <name>.debug_info</name>
         <load_address>0xc86</load_address>
         <run_address>0xc86</run_address>
         <size>0x26b</size>
         <input_file_ref idref="fl-2"/>
      </object_component>
      <object_component id="oc-1e4">
         <name>.debug_info</name>
         <load_address>0xef1</load_address>
         <run_address>0xef1</run_address>
         <size>0x1055</size>
         <input_file_ref idref="fl-2"/>
      </object_component>
      <object_component id="oc-f8">
         <name>.debug_info</name>
         <load_address>0x1f46</load_address>
         <run_address>0x1f46</run_address>
         <size>0x37e2</size>
         <input_file_ref idref="fl-2"/>
      </object_component>
      <object_component id="oc-21c">
         <name>.debug_info</name>
         <load_address>0x5728</load_address>
         <run_address>0x5728</run_address>
         <size>0xa8</size>
         <input_file_ref idref="fl-2"/>
      </object_component>
      <object_component id="oc-1f3">
         <name>.debug_info</name>
         <load_address>0x57d0</load_address>
         <run_address>0x57d0</run_address>
         <size>0x48b</size>
         <input_file_ref idref="fl-2"/>
      </object_component>
      <object_component id="oc-1e9">
         <name>.debug_info</name>
         <load_address>0x5c5b</load_address>
         <run_address>0x5c5b</run_address>
         <size>0x4f</size>
         <input_file_ref idref="fl-2"/>
      </object_component>
      <object_component id="oc-f3">
         <name>.debug_info</name>
         <load_address>0x5caa</load_address>
         <run_address>0x5caa</run_address>
         <size>0x8b</size>
         <input_file_ref idref="fl-2"/>
      </object_component>
      <object_component id="oc-cf">
         <name>.debug_info</name>
         <load_address>0x5d35</load_address>
         <run_address>0x5d35</run_address>
         <size>0x2c</size>
         <input_file_ref idref="fl-2"/>
      </object_component>
      <object_component id="oc-1cf">
         <name>.debug_info</name>
         <load_address>0x5d61</load_address>
         <run_address>0x5d61</run_address>
         <size>0x2a4</size>
         <input_file_ref idref="fl-2"/>
      </object_component>
      <object_component id="oc-d9">
         <name>.debug_info</name>
         <load_address>0x6005</load_address>
         <run_address>0x6005</run_address>
         <size>0xbb</size>
         <input_file_ref idref="fl-2"/>
      </object_component>
      <object_component id="oc-d4">
         <name>.debug_info</name>
         <load_address>0x60c0</load_address>
         <run_address>0x60c0</run_address>
         <size>0x53</size>
         <input_file_ref idref="fl-2"/>
      </object_component>
      <object_component id="oc-1ee">
         <name>.debug_info</name>
         <load_address>0x6113</load_address>
         <run_address>0x6113</run_address>
         <size>0xcc</size>
         <input_file_ref idref="fl-2"/>
      </object_component>
      <object_component id="oc-1c4">
         <name>.debug_info</name>
         <load_address>0x61df</load_address>
         <run_address>0x61df</run_address>
         <size>0x14c</size>
         <input_file_ref idref="fl-2"/>
      </object_component>
      <object_component id="oc-11d">
         <name>.debug_info</name>
         <load_address>0x632b</load_address>
         <run_address>0x632b</run_address>
         <size>0x10e1</size>
         <input_file_ref idref="fl-3"/>
      </object_component>
      <object_component id="oc-127">
         <name>.debug_info</name>
         <load_address>0x740c</load_address>
         <run_address>0x740c</run_address>
         <size>0x968</size>
         <input_file_ref idref="fl-4"/>
      </object_component>
      <object_component id="oc-2b2">
         <name>.debug_info</name>
         <load_address>0x7d74</load_address>
         <run_address>0x7d74</run_address>
         <size>0x540</size>
         <input_file_ref idref="fl-5"/>
      </object_component>
      <object_component id="oc-1fe">
         <name>.debug_info</name>
         <load_address>0x82b4</load_address>
         <run_address>0x82b4</run_address>
         <size>0xbd1</size>
         <input_file_ref idref="fl-5"/>
      </object_component>
      <object_component id="oc-32">
         <name>.debug_info</name>
         <load_address>0x8e85</load_address>
         <run_address>0x8e85</run_address>
         <size>0x84</size>
         <input_file_ref idref="fl-5"/>
      </object_component>
      <object_component id="oc-146">
         <name>.debug_info</name>
         <load_address>0x8f09</load_address>
         <run_address>0x8f09</run_address>
         <size>0x9d3</size>
         <input_file_ref idref="fl-6"/>
      </object_component>
      <object_component id="oc-a6">
         <name>.debug_info</name>
         <load_address>0x98dc</load_address>
         <run_address>0x98dc</run_address>
         <size>0x319</size>
         <input_file_ref idref="fl-6"/>
      </object_component>
      <object_component id="oc-2c5">
         <name>.debug_info</name>
         <load_address>0x9bf5</load_address>
         <run_address>0x9bf5</run_address>
         <size>0x738</size>
         <input_file_ref idref="fl-7"/>
      </object_component>
      <object_component id="oc-219">
         <name>.debug_info</name>
         <load_address>0xa32d</load_address>
         <run_address>0xa32d</run_address>
         <size>0xe6</size>
         <input_file_ref idref="fl-7"/>
      </object_component>
      <object_component id="oc-122">
         <name>.debug_info</name>
         <load_address>0xa413</load_address>
         <run_address>0xa413</run_address>
         <size>0x440</size>
         <input_file_ref idref="fl-7"/>
      </object_component>
      <object_component id="oc-2b5">
         <name>.debug_info</name>
         <load_address>0xa853</load_address>
         <run_address>0xa853</run_address>
         <size>0x69d</size>
         <input_file_ref idref="fl-8"/>
      </object_component>
      <object_component id="oc-201">
         <name>.debug_info</name>
         <load_address>0xaef0</load_address>
         <run_address>0xaef0</run_address>
         <size>0xf2</size>
         <input_file_ref idref="fl-8"/>
      </object_component>
      <object_component id="oc-204">
         <name>.debug_info</name>
         <load_address>0xafe2</load_address>
         <run_address>0xafe2</run_address>
         <size>0x137</size>
         <input_file_ref idref="fl-8"/>
      </object_component>
      <object_component id="oc-2c0">
         <name>.debug_info</name>
         <load_address>0xb119</load_address>
         <run_address>0xb119</run_address>
         <size>0x69a</size>
         <input_file_ref idref="fl-9"/>
      </object_component>
      <object_component id="oc-214">
         <name>.debug_info</name>
         <load_address>0xb7b3</load_address>
         <run_address>0xb7b3</run_address>
         <size>0xe5</size>
         <input_file_ref idref="fl-9"/>
      </object_component>
      <object_component id="oc-211">
         <name>.debug_info</name>
         <load_address>0xb898</load_address>
         <run_address>0xb898</run_address>
         <size>0x11e</size>
         <input_file_ref idref="fl-9"/>
      </object_component>
      <object_component id="oc-80">
         <name>.debug_info</name>
         <load_address>0xb9b6</load_address>
         <run_address>0xb9b6</run_address>
         <size>0x356</size>
         <input_file_ref idref="fl-a"/>
      </object_component>
      <object_component id="oc-27">
         <name>.debug_info</name>
         <load_address>0xbd0c</load_address>
         <run_address>0xbd0c</run_address>
         <size>0x102</size>
         <input_file_ref idref="fl-a"/>
      </object_component>
      <object_component id="oc-68">
         <name>.debug_info</name>
         <load_address>0xbe0e</load_address>
         <run_address>0xbe0e</run_address>
         <size>0x1c9</size>
         <input_file_ref idref="fl-a"/>
      </object_component>
      <object_component id="oc-186">
         <name>.debug_info</name>
         <load_address>0xbfd7</load_address>
         <run_address>0xbfd7</run_address>
         <size>0xfb</size>
         <input_file_ref idref="fl-b"/>
      </object_component>
      <object_component id="oc-b8">
         <name>.debug_info</name>
         <load_address>0xc0d2</load_address>
         <run_address>0xc0d2</run_address>
         <size>0x26d</size>
         <input_file_ref idref="fl-b"/>
      </object_component>
      <object_component id="oc-e8">
         <name>.debug_info</name>
         <load_address>0xc33f</load_address>
         <run_address>0xc33f</run_address>
         <size>0xb02</size>
         <input_file_ref idref="fl-c"/>
      </object_component>
      <object_component id="oc-207">
         <name>.debug_info</name>
         <load_address>0xce41</load_address>
         <run_address>0xce41</run_address>
         <size>0x1d5</size>
         <input_file_ref idref="fl-c"/>
      </object_component>
      <object_component id="oc-115">
         <name>.debug_info</name>
         <load_address>0xd016</load_address>
         <run_address>0xd016</run_address>
         <size>0x640</size>
         <input_file_ref idref="fl-c"/>
      </object_component>
      <object_component id="oc-eb">
         <name>.debug_info</name>
         <load_address>0xd656</load_address>
         <run_address>0xd656</run_address>
         <size>0x85a</size>
         <input_file_ref idref="fl-d"/>
      </object_component>
      <object_component id="oc-e5">
         <name>.debug_info</name>
         <load_address>0xdeb0</load_address>
         <run_address>0xdeb0</run_address>
         <size>0x158</size>
         <input_file_ref idref="fl-d"/>
      </object_component>
      <object_component id="oc-79">
         <name>.debug_info</name>
         <load_address>0xe008</load_address>
         <run_address>0xe008</run_address>
         <size>0x598</size>
         <input_file_ref idref="fl-d"/>
      </object_component>
      <object_component id="oc-134">
         <name>.debug_info</name>
         <load_address>0xe5a0</load_address>
         <run_address>0xe5a0</run_address>
         <size>0x780</size>
         <input_file_ref idref="fl-e"/>
      </object_component>
      <object_component id="oc-12e">
         <name>.debug_info</name>
         <load_address>0xed20</load_address>
         <run_address>0xed20</run_address>
         <size>0x31a</size>
         <input_file_ref idref="fl-e"/>
      </object_component>
      <object_component id="oc-23d">
         <name>.debug_info</name>
         <load_address>0xf03a</load_address>
         <run_address>0xf03a</run_address>
         <size>0x752</size>
         <input_file_ref idref="fl-f"/>
      </object_component>
      <object_component id="oc-137">
         <name>.debug_info</name>
         <load_address>0xf78c</load_address>
         <run_address>0xf78c</run_address>
         <size>0xee</size>
         <input_file_ref idref="fl-f"/>
      </object_component>
      <object_component id="oc-13a">
         <name>.debug_info</name>
         <load_address>0xf87a</load_address>
         <run_address>0xf87a</run_address>
         <size>0x1d9</size>
         <input_file_ref idref="fl-f"/>
      </object_component>
      <object_component id="oc-2a6">
         <name>.debug_info</name>
         <load_address>0xfa53</load_address>
         <run_address>0xfa53</run_address>
         <size>0x27f</size>
         <input_file_ref idref="fl-10"/>
      </object_component>
      <object_component id="oc-1c9">
         <name>.debug_info</name>
         <load_address>0xfcd2</load_address>
         <run_address>0xfcd2</run_address>
         <size>0x48b</size>
         <input_file_ref idref="fl-10"/>
      </object_component>
      <object_component id="oc-338">
         <name>.debug_info</name>
         <load_address>0x1015d</load_address>
         <run_address>0x1015d</run_address>
         <size>0xcc</size>
         <input_file_ref idref="fl-10"/>
      </object_component>
      <object_component id="oc-1bf">
         <name>.debug_info</name>
         <load_address>0x10229</load_address>
         <run_address>0x10229</run_address>
         <size>0x53</size>
         <input_file_ref idref="fl-10"/>
      </object_component>
      <object_component id="oc-2b0">
         <name>.debug_info</name>
         <load_address>0x1027c</load_address>
         <run_address>0x1027c</run_address>
         <size>0x6da</size>
         <input_file_ref idref="fl-11"/>
      </object_component>
      <object_component id="oc-1db">
         <name>.debug_info</name>
         <load_address>0x10956</load_address>
         <run_address>0x10956</run_address>
         <size>0x110</size>
         <input_file_ref idref="fl-11"/>
      </object_component>
      <object_component id="oc-26e">
         <name>.debug_info</name>
         <load_address>0x10a66</load_address>
         <run_address>0x10a66</run_address>
         <size>0x48b</size>
         <input_file_ref idref="fl-11"/>
      </object_component>
      <object_component id="oc-33f">
         <name>.debug_info</name>
         <load_address>0x10ef1</load_address>
         <run_address>0x10ef1</run_address>
         <size>0x76</size>
         <input_file_ref idref="fl-11"/>
      </object_component>
      <object_component id="oc-344">
         <name>.debug_info</name>
         <load_address>0x10f67</load_address>
         <run_address>0x10f67</run_address>
         <size>0x39</size>
         <input_file_ref idref="fl-11"/>
      </object_component>
      <object_component id="oc-325">
         <name>.debug_info</name>
         <load_address>0x10fa0</load_address>
         <run_address>0x10fa0</run_address>
         <size>0x109</size>
         <input_file_ref idref="fl-11"/>
      </object_component>
      <object_component id="oc-264">
         <name>.debug_info</name>
         <load_address>0x110a9</load_address>
         <run_address>0x110a9</run_address>
         <size>0x4f</size>
         <input_file_ref idref="fl-11"/>
      </object_component>
      <object_component id="oc-27d">
         <name>.debug_info</name>
         <load_address>0x110f8</load_address>
         <run_address>0x110f8</run_address>
         <size>0x519</size>
         <input_file_ref idref="fl-12"/>
      </object_component>
      <object_component id="oc-27a">
         <name>.debug_info</name>
         <load_address>0x11611</load_address>
         <run_address>0x11611</run_address>
         <size>0x12e</size>
         <input_file_ref idref="fl-12"/>
      </object_component>
      <object_component id="oc-277">
         <name>.debug_info</name>
         <load_address>0x1173f</load_address>
         <run_address>0x1173f</run_address>
         <size>0x12e</size>
         <input_file_ref idref="fl-12"/>
      </object_component>
      <object_component id="oc-274">
         <name>.debug_info</name>
         <load_address>0x1186d</load_address>
         <run_address>0x1186d</run_address>
         <size>0x26e</size>
         <input_file_ref idref="fl-12"/>
      </object_component>
      <object_component id="oc-195">
         <name>.debug_info</name>
         <load_address>0x11adb</load_address>
         <run_address>0x11adb</run_address>
         <size>0xd13</size>
         <input_file_ref idref="fl-12"/>
      </object_component>
      <object_component id="oc-31c">
         <name>.debug_info</name>
         <load_address>0x127ee</load_address>
         <run_address>0x127ee</run_address>
         <size>0x62</size>
         <input_file_ref idref="fl-12"/>
      </object_component>
      <object_component id="oc-27f">
         <name>.debug_info</name>
         <load_address>0x12850</load_address>
         <run_address>0x12850</run_address>
         <size>0x3d3</size>
         <input_file_ref idref="fl-13"/>
      </object_component>
      <object_component id="oc-19c">
         <name>.debug_info</name>
         <load_address>0x12c23</load_address>
         <run_address>0x12c23</run_address>
         <size>0x71f</size>
         <input_file_ref idref="fl-13"/>
      </object_component>
      <object_component id="oc-1da">
         <name>.debug_info</name>
         <load_address>0x13342</load_address>
         <run_address>0x13342</run_address>
         <size>0x93e</size>
         <input_file_ref idref="fl-14"/>
      </object_component>
      <object_component id="oc-df">
         <name>.debug_info</name>
         <load_address>0x13c80</load_address>
         <run_address>0x13c80</run_address>
         <size>0x4357</size>
         <input_file_ref idref="fl-14"/>
      </object_component>
      <object_component id="oc-2ab">
         <name>.debug_info</name>
         <load_address>0x17fd7</load_address>
         <run_address>0x17fd7</run_address>
         <size>0x1ef</size>
         <input_file_ref idref="fl-14"/>
      </object_component>
      <object_component id="oc-1d5">
         <name>.debug_info</name>
         <load_address>0x181c6</load_address>
         <run_address>0x181c6</run_address>
         <size>0x46</size>
         <input_file_ref idref="fl-14"/>
      </object_component>
      <object_component id="oc-10b">
         <name>.debug_info</name>
         <load_address>0x1820c</load_address>
         <run_address>0x1820c</run_address>
         <size>0x2c</size>
         <input_file_ref idref="fl-15"/>
      </object_component>
      <object_component id="oc-18b">
         <name>.debug_info</name>
         <load_address>0x18238</load_address>
         <run_address>0x18238</run_address>
         <size>0x8de</size>
         <input_file_ref idref="fl-16"/>
      </object_component>
      <object_component id="oc-be">
         <name>.debug_info</name>
         <load_address>0x18b16</load_address>
         <run_address>0x18b16</run_address>
         <size>0x38a</size>
         <input_file_ref idref="fl-16"/>
      </object_component>
      <object_component id="oc-1a0">
         <name>.debug_info</name>
         <load_address>0x18ea0</load_address>
         <run_address>0x18ea0</run_address>
         <size>0x133</size>
         <input_file_ref idref="fl-16"/>
      </object_component>
      <object_component id="oc-1b5">
         <name>.debug_info</name>
         <load_address>0x18fd3</load_address>
         <run_address>0x18fd3</run_address>
         <size>0x133</size>
         <input_file_ref idref="fl-16"/>
      </object_component>
      <object_component id="oc-1b8">
         <name>.debug_info</name>
         <load_address>0x19106</load_address>
         <run_address>0x19106</run_address>
         <size>0x133</size>
         <input_file_ref idref="fl-16"/>
      </object_component>
      <object_component id="oc-1a6">
         <name>.debug_info</name>
         <load_address>0x19239</load_address>
         <run_address>0x19239</run_address>
         <size>0x176</size>
         <input_file_ref idref="fl-16"/>
      </object_component>
      <object_component id="oc-1b2">
         <name>.debug_info</name>
         <load_address>0x193af</load_address>
         <run_address>0x193af</run_address>
         <size>0x133</size>
         <input_file_ref idref="fl-16"/>
      </object_component>
      <object_component id="oc-1a3">
         <name>.debug_info</name>
         <load_address>0x194e2</load_address>
         <run_address>0x194e2</run_address>
         <size>0x141</size>
         <input_file_ref idref="fl-16"/>
      </object_component>
      <object_component id="oc-1a9">
         <name>.debug_info</name>
         <load_address>0x19623</load_address>
         <run_address>0x19623</run_address>
         <size>0x135</size>
         <input_file_ref idref="fl-16"/>
      </object_component>
      <object_component id="oc-c6">
         <name>.debug_info</name>
         <load_address>0x19758</load_address>
         <run_address>0x19758</run_address>
         <size>0x7650</size>
         <input_file_ref idref="fl-16"/>
      </object_component>
      <object_component id="oc-18c">
         <name>.debug_info</name>
         <load_address>0x20da8</load_address>
         <run_address>0x20da8</run_address>
         <size>0x30c</size>
         <input_file_ref idref="fl-16"/>
      </object_component>
      <object_component id="oc-269">
         <name>.debug_info</name>
         <load_address>0x210b4</load_address>
         <run_address>0x210b4</run_address>
         <size>0x16e</size>
         <input_file_ref idref="fl-16"/>
      </object_component>
      <object_component id="oc-29a">
         <name>.debug_info</name>
         <load_address>0x21222</load_address>
         <run_address>0x21222</run_address>
         <size>0x874</size>
         <input_file_ref idref="fl-17"/>
      </object_component>
      <object_component id="oc-28f">
         <name>.debug_info</name>
         <load_address>0x21a96</load_address>
         <run_address>0x21a96</run_address>
         <size>0x133</size>
         <input_file_ref idref="fl-17"/>
      </object_component>
      <object_component id="oc-292">
         <name>.debug_info</name>
         <load_address>0x21bc9</load_address>
         <run_address>0x21bc9</run_address>
         <size>0x133</size>
         <input_file_ref idref="fl-17"/>
      </object_component>
      <object_component id="oc-28c">
         <name>.debug_info</name>
         <load_address>0x21cfc</load_address>
         <run_address>0x21cfc</run_address>
         <size>0x16b</size>
         <input_file_ref idref="fl-17"/>
      </object_component>
      <object_component id="oc-289">
         <name>.debug_info</name>
         <load_address>0x21e67</load_address>
         <run_address>0x21e67</run_address>
         <size>0x157</size>
         <input_file_ref idref="fl-17"/>
      </object_component>
      <object_component id="oc-1ae">
         <name>.debug_info</name>
         <load_address>0x21fbe</load_address>
         <run_address>0x21fbe</run_address>
         <size>0x292f</size>
         <input_file_ref idref="fl-17"/>
      </object_component>
      <object_component id="oc-29b">
         <name>.debug_info</name>
         <load_address>0x248ed</load_address>
         <run_address>0x248ed</run_address>
         <size>0x1ce</size>
         <input_file_ref idref="fl-17"/>
      </object_component>
      <object_component id="oc-295">
         <name>.debug_info</name>
         <load_address>0x24abb</load_address>
         <run_address>0x24abb</run_address>
         <size>0x46</size>
         <input_file_ref idref="fl-17"/>
      </object_component>
      <object_component id="oc-ce">
         <name>.debug_info</name>
         <load_address>0x24b01</load_address>
         <run_address>0x24b01</run_address>
         <size>0x562</size>
         <input_file_ref idref="fl-18"/>
      </object_component>
      <object_component id="oc-c1">
         <name>.debug_info</name>
         <load_address>0x25063</load_address>
         <run_address>0x25063</run_address>
         <size>0x1a8</size>
         <input_file_ref idref="fl-18"/>
      </object_component>
      <object_component id="oc-cb">
         <name>.debug_info</name>
         <load_address>0x2520b</load_address>
         <run_address>0x2520b</run_address>
         <size>0x283</size>
         <input_file_ref idref="fl-18"/>
      </object_component>
      <object_component id="oc-73">
         <name>.debug_info</name>
         <load_address>0x2548e</load_address>
         <run_address>0x2548e</run_address>
         <size>0xf70</size>
         <input_file_ref idref="fl-18"/>
      </object_component>
      <object_component id="oc-70">
         <name>.debug_info</name>
         <load_address>0x263fe</load_address>
         <run_address>0x263fe</run_address>
         <size>0x295</size>
         <input_file_ref idref="fl-19"/>
      </object_component>
      <object_component id="oc-2f1">
         <name>.debug_info</name>
         <load_address>0x26693</load_address>
         <run_address>0x26693</run_address>
         <size>0x363</size>
         <input_file_ref idref="fl-d3"/>
      </object_component>
      <object_component id="oc-2de">
         <name>.debug_info</name>
         <load_address>0x269f6</load_address>
         <run_address>0x269f6</run_address>
         <size>0x128</size>
         <input_file_ref idref="fl-d3"/>
      </object_component>
      <object_component id="oc-228">
         <name>.debug_info</name>
         <load_address>0x26b1e</load_address>
         <run_address>0x26b1e</run_address>
         <size>0xbdf</size>
         <input_file_ref idref="fl-d3"/>
      </object_component>
      <object_component id="oc-36a">
         <name>.debug_info</name>
         <load_address>0x276fd</load_address>
         <run_address>0x276fd</run_address>
         <size>0x46</size>
         <input_file_ref idref="fl-d3"/>
      </object_component>
      <object_component id="oc-2ec">
         <name>.debug_info</name>
         <load_address>0x27743</load_address>
         <run_address>0x27743</run_address>
         <size>0x39</size>
         <input_file_ref idref="fl-d3"/>
      </object_component>
      <object_component id="oc-354">
         <name>.debug_info</name>
         <load_address>0x2777c</load_address>
         <run_address>0x2777c</run_address>
         <size>0x2ca</size>
         <input_file_ref idref="fl-d4"/>
      </object_component>
      <object_component id="oc-2d2">
         <name>.debug_info</name>
         <load_address>0x27a46</load_address>
         <run_address>0x27a46</run_address>
         <size>0x24e</size>
         <input_file_ref idref="fl-d4"/>
      </object_component>
      <object_component id="oc-364">
         <name>.debug_info</name>
         <load_address>0x27c94</load_address>
         <run_address>0x27c94</run_address>
         <size>0x2fd</size>
         <input_file_ref idref="fl-d5"/>
      </object_component>
      <object_component id="oc-2e6">
         <name>.debug_info</name>
         <load_address>0x27f91</load_address>
         <run_address>0x27f91</run_address>
         <size>0x225</size>
         <input_file_ref idref="fl-d5"/>
      </object_component>
      <object_component id="oc-389">
         <name>.debug_info</name>
         <load_address>0x281b6</load_address>
         <run_address>0x281b6</run_address>
         <size>0x39</size>
         <input_file_ref idref="fl-d5"/>
      </object_component>
      <object_component id="oc-365">
         <name>.debug_info</name>
         <load_address>0x281ef</load_address>
         <run_address>0x281ef</run_address>
         <size>0x2c</size>
         <input_file_ref idref="fl-d5"/>
      </object_component>
      <object_component id="oc-9a">
         <name>.debug_info</name>
         <load_address>0x2821b</load_address>
         <run_address>0x2821b</run_address>
         <size>0x147</size>
         <input_file_ref idref="fl-d6"/>
      </object_component>
      <object_component id="oc-2c8">
         <name>.debug_info</name>
         <load_address>0x28362</load_address>
         <run_address>0x28362</run_address>
         <size>0x14c</size>
         <input_file_ref idref="fl-d7"/>
      </object_component>
      <object_component id="oc-2e3">
         <name>.debug_info</name>
         <load_address>0x284ae</load_address>
         <run_address>0x284ae</run_address>
         <size>0x128</size>
         <input_file_ref idref="fl-d8"/>
      </object_component>
      <object_component id="oc-233">
         <name>.debug_info</name>
         <load_address>0x285d6</load_address>
         <run_address>0x285d6</run_address>
         <size>0x12a</size>
         <input_file_ref idref="fl-d8"/>
      </object_component>
      <object_component id="oc-2cd">
         <name>.debug_info</name>
         <load_address>0x28700</load_address>
         <run_address>0x28700</run_address>
         <size>0x13a</size>
         <input_file_ref idref="fl-d9"/>
      </object_component>
      <object_component id="oc-22e">
         <name>.debug_info</name>
         <load_address>0x2883a</load_address>
         <run_address>0x2883a</run_address>
         <size>0x13a</size>
         <input_file_ref idref="fl-da"/>
      </object_component>
      <object_component id="oc-224">
         <name>.debug_info</name>
         <load_address>0x28974</load_address>
         <run_address>0x28974</run_address>
         <size>0x12c</size>
         <input_file_ref idref="fl-db"/>
      </object_component>
      <object_component id="oc-38">
         <name>.debug_info</name>
         <load_address>0x28aa0</load_address>
         <run_address>0x28aa0</run_address>
         <size>0x119</size>
         <input_file_ref idref="fl-dc"/>
      </object_component>
      <object_component id="oc-97">
         <name>.debug_info</name>
         <load_address>0x28bb9</load_address>
         <run_address>0x28bb9</run_address>
         <size>0x2d4</size>
         <input_file_ref idref="fl-dd"/>
      </object_component>
      <object_component id="oc-4b">
         <name>.debug_info</name>
         <load_address>0x28e8d</load_address>
         <run_address>0x28e8d</run_address>
         <size>0x1b5</size>
         <input_file_ref idref="fl-dd"/>
      </object_component>
      <object_component id="oc-92">
         <name>.debug_info</name>
         <load_address>0x29042</load_address>
         <run_address>0x29042</run_address>
         <size>0x46</size>
         <input_file_ref idref="fl-dd"/>
      </object_component>
      <object_component id="oc-42">
         <name>.debug_info</name>
         <load_address>0x29088</load_address>
         <run_address>0x29088</run_address>
         <size>0x2a8</size>
         <input_file_ref idref="fl-de"/>
      </object_component>
      <object_component id="oc-20">
         <name>.debug_info</name>
         <load_address>0x29330</load_address>
         <run_address>0x29330</run_address>
         <size>0x1ea</size>
         <input_file_ref idref="fl-de"/>
      </object_component>
      <object_component id="oc-3d">
         <name>.debug_info</name>
         <load_address>0x2951a</load_address>
         <run_address>0x2951a</run_address>
         <size>0x46</size>
         <input_file_ref idref="fl-de"/>
      </object_component>
      <object_component id="oc-8a">
         <name>.debug_info</name>
         <load_address>0x29560</load_address>
         <run_address>0x29560</run_address>
         <size>0x2c</size>
         <input_file_ref idref="fl-de"/>
      </object_component>
      <object_component id="oc-88">
         <name>.debug_info</name>
         <load_address>0x2958c</load_address>
         <run_address>0x2958c</run_address>
         <size>0x29e</size>
         <input_file_ref idref="fl-df"/>
      </object_component>
      <object_component id="oc-1b">
         <name>.debug_info</name>
         <load_address>0x2982a</load_address>
         <run_address>0x2982a</run_address>
         <size>0x250</size>
         <input_file_ref idref="fl-df"/>
      </object_component>
      <object_component id="oc-2d">
         <name>.debug_info</name>
         <load_address>0x29a7a</load_address>
         <run_address>0x29a7a</run_address>
         <size>0x60</size>
         <input_file_ref idref="fl-df"/>
      </object_component>
      <object_component id="oc-104">
         <name>.debug_info</name>
         <load_address>0x29ada</load_address>
         <run_address>0x29ada</run_address>
         <size>0x46</size>
         <input_file_ref idref="fl-df"/>
      </object_component>
      <object_component id="oc-83">
         <name>.debug_info</name>
         <load_address>0x29b20</load_address>
         <run_address>0x29b20</run_address>
         <size>0x39</size>
         <input_file_ref idref="fl-df"/>
      </object_component>
      <object_component id="oc-359">
         <name>.debug_info</name>
         <load_address>0x29b59</load_address>
         <run_address>0x29b59</run_address>
         <size>0x289</size>
         <input_file_ref idref="fl-e0"/>
      </object_component>
      <object_component id="oc-356">
         <name>.debug_info</name>
         <load_address>0x29de2</load_address>
         <run_address>0x29de2</run_address>
         <size>0x10e</size>
         <input_file_ref idref="fl-e0"/>
      </object_component>
      <object_component id="oc-2d8">
         <name>.debug_info</name>
         <load_address>0x29ef0</load_address>
         <run_address>0x29ef0</run_address>
         <size>0x14e</size>
         <input_file_ref idref="fl-e0"/>
      </object_component>
      <object_component id="oc-2a">
         <name>.debug_info</name>
         <load_address>0x2a03e</load_address>
         <run_address>0x2a03e</run_address>
         <size>0x10b</size>
         <input_file_ref idref="fl-e1"/>
      </object_component>
      <object_component id="oc-56">
         <name>.debug_info</name>
         <load_address>0x2a149</load_address>
         <run_address>0x2a149</run_address>
         <size>0x1a9</size>
         <input_file_ref idref="fl-e1"/>
      </object_component>
      <object_component id="oc-35e">
         <name>.debug_info</name>
         <load_address>0x2a2f2</load_address>
         <run_address>0x2a2f2</run_address>
         <size>0x161</size>
         <input_file_ref idref="fl-e2"/>
      </object_component>
      <object_component id="oc-24b">
         <name>.debug_info</name>
         <load_address>0x2a453</load_address>
         <run_address>0x2a453</run_address>
         <size>0x4b3</size>
         <input_file_ref idref="fl-e3"/>
      </object_component>
      <object_component id="oc-154">
         <name>.debug_info</name>
         <load_address>0x2a906</load_address>
         <run_address>0x2a906</run_address>
         <size>0x1a6</size>
         <input_file_ref idref="fl-e3"/>
      </object_component>
      <object_component id="oc-307">
         <name>.debug_info</name>
         <load_address>0x2aaac</load_address>
         <run_address>0x2aaac</run_address>
         <size>0x39</size>
         <input_file_ref idref="fl-e3"/>
      </object_component>
      <object_component id="oc-374">
         <name>.debug_info</name>
         <load_address>0x2aae5</load_address>
         <run_address>0x2aae5</run_address>
         <size>0x39</size>
         <input_file_ref idref="fl-e3"/>
      </object_component>
      <object_component id="oc-30c">
         <name>.debug_info</name>
         <load_address>0x2ab1e</load_address>
         <run_address>0x2ab1e</run_address>
         <size>0x39</size>
         <input_file_ref idref="fl-e3"/>
      </object_component>
      <object_component id="oc-311">
         <name>.debug_info</name>
         <load_address>0x2ab57</load_address>
         <run_address>0x2ab57</run_address>
         <size>0xcd</size>
         <input_file_ref idref="fl-e3"/>
      </object_component>
      <object_component id="oc-9f">
         <name>.debug_info</name>
         <load_address>0x2ac24</load_address>
         <run_address>0x2ac24</run_address>
         <size>0x153</size>
         <input_file_ref idref="fl-e4"/>
      </object_component>
      <object_component id="oc-14a">
         <name>.debug_info</name>
         <load_address>0x2ad77</load_address>
         <run_address>0x2ad77</run_address>
         <size>0x122</size>
         <input_file_ref idref="fl-e6"/>
      </object_component>
      <object_component id="oc-3c3">
         <name>.debug_info</name>
         <load_address>0x2ae99</load_address>
         <run_address>0x2ae99</run_address>
         <size>0xae</size>
      </object_component>
      <object_component id="oc-2a8">
         <name>.debug_line</name>
         <load_address>0x0</load_address>
         <run_address>0x0</run_address>
         <size>0x20</size>
         <input_file_ref idref="fl-2"/>
      </object_component>
      <object_component id="oc-2bd">
         <name>.debug_line</name>
         <load_address>0x20</load_address>
         <run_address>0x20</run_address>
         <size>0x2f</size>
         <input_file_ref idref="fl-2"/>
      </object_component>
      <object_component id="oc-2bb">
         <name>.debug_line</name>
         <load_address>0x4f</load_address>
         <run_address>0x4f</run_address>
         <size>0x2f</size>
         <input_file_ref idref="fl-2"/>
      </object_component>
      <object_component id="oc-144">
         <name>.debug_line</name>
         <load_address>0x7e</load_address>
         <run_address>0x7e</run_address>
         <size>0x76</size>
         <input_file_ref idref="fl-2"/>
      </object_component>
      <object_component id="oc-f1">
         <name>.debug_line</name>
         <load_address>0xf4</load_address>
         <run_address>0xf4</run_address>
         <size>0x6d</size>
         <input_file_ref idref="fl-2"/>
      </object_component>
      <object_component id="oc-102">
         <name>.debug_line</name>
         <load_address>0x161</load_address>
         <run_address>0x161</run_address>
         <size>0x6f</size>
         <input_file_ref idref="fl-2"/>
      </object_component>
      <object_component id="oc-1e7">
         <name>.debug_line</name>
         <load_address>0x1d0</load_address>
         <run_address>0x1d0</run_address>
         <size>0x5b</size>
         <input_file_ref idref="fl-2"/>
      </object_component>
      <object_component id="oc-fb">
         <name>.debug_line</name>
         <load_address>0x22b</load_address>
         <run_address>0x22b</run_address>
         <size>0x58</size>
         <input_file_ref idref="fl-2"/>
      </object_component>
      <object_component id="oc-21f">
         <name>.debug_line</name>
         <load_address>0x283</load_address>
         <run_address>0x283</run_address>
         <size>0x65</size>
         <input_file_ref idref="fl-2"/>
      </object_component>
      <object_component id="oc-1f6">
         <name>.debug_line</name>
         <load_address>0x2e8</load_address>
         <run_address>0x2e8</run_address>
         <size>0x7a</size>
         <input_file_ref idref="fl-2"/>
      </object_component>
      <object_component id="oc-1ec">
         <name>.debug_line</name>
         <load_address>0x362</load_address>
         <run_address>0x362</run_address>
         <size>0x77</size>
         <input_file_ref idref="fl-2"/>
      </object_component>
      <object_component id="oc-f6">
         <name>.debug_line</name>
         <load_address>0x3d9</load_address>
         <run_address>0x3d9</run_address>
         <size>0x20</size>
         <input_file_ref idref="fl-2"/>
      </object_component>
      <object_component id="oc-d2">
         <name>.debug_line</name>
         <load_address>0x3f9</load_address>
         <run_address>0x3f9</run_address>
         <size>0x7a</size>
         <input_file_ref idref="fl-2"/>
      </object_component>
      <object_component id="oc-1d2">
         <name>.debug_line</name>
         <load_address>0x473</load_address>
         <run_address>0x473</run_address>
         <size>0x73</size>
         <input_file_ref idref="fl-2"/>
      </object_component>
      <object_component id="oc-dc">
         <name>.debug_line</name>
         <load_address>0x4e6</load_address>
         <run_address>0x4e6</run_address>
         <size>0x70</size>
         <input_file_ref idref="fl-2"/>
      </object_component>
      <object_component id="oc-d7">
         <name>.debug_line</name>
         <load_address>0x556</load_address>
         <run_address>0x556</run_address>
         <size>0x89</size>
         <input_file_ref idref="fl-2"/>
      </object_component>
      <object_component id="oc-1f1">
         <name>.debug_line</name>
         <load_address>0x5df</load_address>
         <run_address>0x5df</run_address>
         <size>0x6a</size>
         <input_file_ref idref="fl-2"/>
      </object_component>
      <object_component id="oc-1c7">
         <name>.debug_line</name>
         <load_address>0x649</load_address>
         <run_address>0x649</run_address>
         <size>0x76</size>
         <input_file_ref idref="fl-2"/>
      </object_component>
      <object_component id="oc-11b">
         <name>.debug_line</name>
         <load_address>0x6bf</load_address>
         <run_address>0x6bf</run_address>
         <size>0x453</size>
         <input_file_ref idref="fl-3"/>
      </object_component>
      <object_component id="oc-12a">
         <name>.debug_line</name>
         <load_address>0xb12</load_address>
         <run_address>0xb12</run_address>
         <size>0x1c6</size>
         <input_file_ref idref="fl-4"/>
      </object_component>
      <object_component id="oc-34a">
         <name>.debug_line</name>
         <load_address>0xcd8</load_address>
         <run_address>0xcd8</run_address>
         <size>0x20</size>
         <input_file_ref idref="fl-5"/>
      </object_component>
      <object_component id="oc-1fd">
         <name>.debug_line</name>
         <load_address>0xcf8</load_address>
         <run_address>0xcf8</run_address>
         <size>0x1e2</size>
         <input_file_ref idref="fl-5"/>
      </object_component>
      <object_component id="oc-35">
         <name>.debug_line</name>
         <load_address>0xeda</load_address>
         <run_address>0xeda</run_address>
         <size>0x20</size>
         <input_file_ref idref="fl-5"/>
      </object_component>
      <object_component id="oc-23f">
         <name>.debug_line</name>
         <load_address>0xefa</load_address>
         <run_address>0xefa</run_address>
         <size>0x1ef</size>
         <input_file_ref idref="fl-6"/>
      </object_component>
      <object_component id="oc-a5">
         <name>.debug_line</name>
         <load_address>0x10e9</load_address>
         <run_address>0x10e9</run_address>
         <size>0x81</size>
         <input_file_ref idref="fl-6"/>
      </object_component>
      <object_component id="oc-350">
         <name>.debug_line</name>
         <load_address>0x116a</load_address>
         <run_address>0x116a</run_address>
         <size>0x74</size>
         <input_file_ref idref="fl-7"/>
      </object_component>
      <object_component id="oc-2c4">
         <name>.debug_line</name>
         <load_address>0x11de</load_address>
         <run_address>0x11de</run_address>
         <size>0x2e</size>
         <input_file_ref idref="fl-7"/>
      </object_component>
      <object_component id="oc-125">
         <name>.debug_line</name>
         <load_address>0x120c</load_address>
         <run_address>0x120c</run_address>
         <size>0x118</size>
         <input_file_ref idref="fl-7"/>
      </object_component>
      <object_component id="oc-34c">
         <name>.debug_line</name>
         <load_address>0x1324</load_address>
         <run_address>0x1324</run_address>
         <size>0x20</size>
         <input_file_ref idref="fl-8"/>
      </object_component>
      <object_component id="oc-2b4">
         <name>.debug_line</name>
         <load_address>0x1344</load_address>
         <run_address>0x1344</run_address>
         <size>0x2e</size>
         <input_file_ref idref="fl-8"/>
      </object_component>
      <object_component id="oc-2b7">
         <name>.debug_line</name>
         <load_address>0x1372</load_address>
         <run_address>0x1372</run_address>
         <size>0x2e</size>
         <input_file_ref idref="fl-8"/>
      </object_component>
      <object_component id="oc-34e">
         <name>.debug_line</name>
         <load_address>0x13a0</load_address>
         <run_address>0x13a0</run_address>
         <size>0x20</size>
         <input_file_ref idref="fl-9"/>
      </object_component>
      <object_component id="oc-2c2">
         <name>.debug_line</name>
         <load_address>0x13c0</load_address>
         <run_address>0x13c0</run_address>
         <size>0x2d</size>
         <input_file_ref idref="fl-9"/>
      </object_component>
      <object_component id="oc-2bf">
         <name>.debug_line</name>
         <load_address>0x13ed</load_address>
         <run_address>0x13ed</run_address>
         <size>0x2d</size>
         <input_file_ref idref="fl-9"/>
      </object_component>
      <object_component id="oc-fe">
         <name>.debug_line</name>
         <load_address>0x141a</load_address>
         <run_address>0x141a</run_address>
         <size>0x40</size>
         <input_file_ref idref="fl-a"/>
      </object_component>
      <object_component id="oc-7f">
         <name>.debug_line</name>
         <load_address>0x145a</load_address>
         <run_address>0x145a</run_address>
         <size>0x40</size>
         <input_file_ref idref="fl-a"/>
      </object_component>
      <object_component id="oc-6c">
         <name>.debug_line</name>
         <load_address>0x149a</load_address>
         <run_address>0x149a</run_address>
         <size>0x71</size>
         <input_file_ref idref="fl-a"/>
      </object_component>
      <object_component id="oc-261">
         <name>.debug_line</name>
         <load_address>0x150b</load_address>
         <run_address>0x150b</run_address>
         <size>0x3b</size>
         <input_file_ref idref="fl-b"/>
      </object_component>
      <object_component id="oc-b7">
         <name>.debug_line</name>
         <load_address>0x1546</load_address>
         <run_address>0x1546</run_address>
         <size>0x13a</size>
         <input_file_ref idref="fl-b"/>
      </object_component>
      <object_component id="oc-1e3">
         <name>.debug_line</name>
         <load_address>0x1680</load_address>
         <run_address>0x1680</run_address>
         <size>0x280</size>
[...]
         <name>vTaskSuspend</name>
         <value>0x7b1</value>
         <object_component_ref idref="oc-c3"/>
      </symbol>
      <symbol id="sm-839">
         <name>xTaskGetTickCountFromISR</name>
         <value>0xbbb</value>
         <object_component_ref idref="oc-c3"/>
      </symbol>
      <symbol id="sm-83a">
         <name>vTaskResume</name>
         <value>0x915</value>
         <object_component_ref idref="oc-c3"/>
      </symbol>
      <symbol id="sm-83b">
         <name>vTaskPlaceOnEventListRestricted</name>
         <value>0x10f5</value>
         <object_component_ref idref="oc-c3"/>
      </symbol>
      <symbol id="sm-83c">
         <name>vTaskSetTimeOutState</name>
         <value>0x125b</value>
         <object_component_ref idref="oc-c3"/>
      </symbol>
      <symbol id="sm-83d">
         <name>xTaskIncrementTick</name>
         <value>0xd85</value>
         <object_component_ref idref="oc-c3"/>
      </symbol>
      <symbol id="sm-83e">
         <name>vTaskSwitchContext</name>
         <value>0xf89</value>
         <object_component_ref idref="oc-c3"/>
      </symbol>
      <symbol id="sm-83f">
         <name>uxTaskResetEventItemValue</name>
         <value>0x1a33</value>
         <object_component_ref idref="oc-c3"/>
      </symbol>
      <symbol id="sm-840">
         <name>xTaskGetSchedulerState</name>
         <value>0x175b</value>
         <object_component_ref idref="oc-c3"/>
      </symbol>
      <symbol id="sm-841">
         <name>xTaskGetCurrentTaskHandle</name>
         <value>0x174b</value>
         <object_component_ref idref="oc-c3"/>
      </symbol>
      <symbol id="sm-842">
         <name>vTaskPlaceOnUnorderedEventList</name>
         <value>0x108d</value>
         <object_component_ref idref="oc-c3"/>
      </symbol>
      <symbol id="sm-843">
         <name>xTaskRemoveFromEventList</name>
         <value>0x1135</value>
         <object_component_ref idref="oc-c3"/>
      </symbol>
      <symbol id="sm-844">
         <name>eTaskConfirmSleepModeStatus</name>
         <value>0x13fd</value>
         <object_component_ref idref="oc-c3"/>
      </symbol>
      <symbol id="sm-845">
         <name>xTaskPriorityInherit</name>
         <value>0x17a5</value>
         <object_component_ref idref="oc-c3"/>
      </symbol>
      <symbol id="sm-902">
         <name>vTimerSetTimerNumber</name>
         <value>0x43d7</value>
         <object_component_ref idref="oc-1ab"/>
      </symbol>
      <symbol id="sm-903">
         <name>xTimerGetTimerDaemonTaskHandle</name>
         <value>0x3dbb</value>
         <object_component_ref idref="oc-1ab"/>
      </symbol>
      <symbol id="sm-904">
         <name>pcTimerGetName</name>
         <value>0x3eb3</value>
         <object_component_ref idref="oc-1ab"/>
      </symbol>
      <symbol id="sm-905">
         <name>xTimerCreateTimerTask</name>
         <value>0x3c59</value>
         <object_component_ref idref="oc-1ab"/>
      </symbol>
      <symbol id="sm-906">
         <name>xTimerGetExpiryTime</name>
         <value>0x3e89</value>
         <object_component_ref idref="oc-1ab"/>
      </symbol>
      <symbol id="sm-907">
         <name>uxTimerGetTimerNumber</name>
         <value>0x43c9</value>
         <object_component_ref idref="oc-1ab"/>
      </symbol>
      <symbol id="sm-908">
         <name>xTimerIsTimerActive</name>
         <value>0x4331</value>
         <object_component_ref idref="oc-1ab"/>
      </symbol>
      <symbol id="sm-909">
         <name>xTimerGetPeriod</name>
         <value>0x3ddd</value>
         <object_component_ref idref="oc-1ab"/>
      </symbol>
      <symbol id="sm-90a">
         <name>xTimerCreate</name>
         <value>0x3c99</value>
         <object_component_ref idref="oc-1ab"/>
      </symbol>
      <symbol id="sm-90b">
         <name>vTimerSetReloadMode</name>
         <value>0x3e03</value>
         <object_component_ref idref="oc-1ab"/>
      </symbol>
      <symbol id="sm-90c">
         <name>xTimerGenericCommand</name>
         <value>0x3d3b</value>
         <object_component_ref idref="oc-1ab"/>
      </symbol>
      <symbol id="sm-90d">
         <name>uxTimerGetReloadMode</name>
         <value>0x3e4d</value>
         <object_component_ref idref="oc-1ab"/>
      </symbol>
      <symbol id="sm-90e">
         <name>pvTimerGetTimerID</name>
         <value>0x436d</value>
         <object_component_ref idref="oc-1ab"/>
      </symbol>
      <symbol id="sm-90f">
         <name>vTimerSetTimerID</name>
         <value>0x439b</value>
         <object_component_ref idref="oc-1ab"/>
      </symbol>
      <symbol id="sm-977">
         <name>ulMaxSyscallInterruptPriority</name>
         <value>0x7488</value>
         <object_component_ref idref="oc-c0"/>
      </symbol>
      <symbol id="sm-978">
         <name>vPortSetupTimerInterrupt</name>
         <value>0x5329</value>
         <object_component_ref idref="oc-72"/>
      </symbol>
      <symbol id="sm-979">
         <name>vPortEndScheduler</name>
         <value>0x5111</value>
         <object_component_ref idref="oc-72"/>
      </symbol>
      <symbol id="sm-97a">
         <name>vPortSuppressTicksAndSleep</name>
         <value>0x51d1</value>
         <object_component_ref idref="oc-72"/>
      </symbol>
      <symbol id="sm-97b">
         <name>xPortSysTickHandler</name>
         <value>0x51a3</value>
         <object_component_ref idref="oc-72"/>
      </symbol>
      <symbol id="sm-97c">
         <name>vPortValidateInterruptPriority</name>
         <value>0x5371</value>
         <object_component_ref idref="oc-72"/>
      </symbol>
      <symbol id="sm-97d">
         <name>pxPortInitialiseStack</name>
         <value>0x4fcd</value>
         <object_component_ref idref="oc-72"/>
      </symbol>
      <symbol id="sm-97e">
         <name>vPortExitCritical</name>
         <value>0x5177</value>
         <object_component_ref idref="oc-72"/>
      </symbol>
      <symbol id="sm-97f">
         <name>xPortStartScheduler</name>
         <value>0x5059</value>
         <object_component_ref idref="oc-72"/>
      </symbol>
      <symbol id="sm-980">
         <name>vPortEnterCritical</name>
         <value>0x5135</value>
         <object_component_ref idref="oc-72"/>
      </symbol>
      <symbol id="sm-98f">
         <name>vPortStartFirstTask</name>
         <value>0x6ddd</value>
         <object_component_ref idref="oc-6d"/>
      </symbol>
      <symbol id="sm-990">
         <name>ulPortGetIPSR</name>
         <value>0x6d45</value>
         <object_component_ref idref="oc-6d"/>
      </symbol>
      <symbol id="sm-991">
         <name>vPortEnableVFP</name>
         <value>0x6e01</value>
         <object_component_ref idref="oc-6d"/>
      </symbol>
      <symbol id="sm-992">
         <name>xPortPendSVHandler</name>
         <value>0x6d5d</value>
         <object_component_ref idref="oc-6d"/>
      </symbol>
      <symbol id="sm-993">
         <name>vPortSVCHandler</name>
         <value>0x6dbd</value>
         <object_component_ref idref="oc-6d"/>
      </symbol>
      <symbol id="sm-a2a">
         <name>pow</name>
         <value>0x3299</value>
         <object_component_ref idref="oc-227"/>
      </symbol>
      <symbol id="sm-a2b">
         <name>powl</name>
         <value>0x3299</value>
         <object_component_ref idref="oc-227"/>
      </symbol>
      <symbol id="sm-a4d">
         <name>sqrtl</name>
         <value>0x664d</value>
         <object_component_ref idref="oc-2d1"/>
      </symbol>
      <symbol id="sm-a4e">
         <name>sqrt</name>
         <value>0x664d</value>
         <object_component_ref idref="oc-2d1"/>
      </symbol>
      <symbol id="sm-a75">
         <name>scalbn</name>
         <value>0x6b29</value>
         <object_component_ref idref="oc-2e5"/>
      </symbol>
      <symbol id="sm-a76">
         <name>scalbnl</name>
         <value>0x6b29</value>
         <object_component_ref idref="oc-2e5"/>
      </symbol>
      <symbol id="sm-a77">
         <name>ldexpl</name>
         <value>0x6b29</value>
         <object_component_ref idref="oc-2e5"/>
      </symbol>
      <symbol id="sm-a78">
         <name>ldexp</name>
         <value>0x6b29</value>
         <object_component_ref idref="oc-2e5"/>
      </symbol>
      <symbol id="sm-a87">
         <name>__aeabi_memset</name>
         <value>0x7087</value>
         <object_component_ref idref="oc-98"/>
      </symbol>
      <symbol id="sm-a88">
         <name>memset</name>
         <value>0x708d</value>
         <object_component_ref idref="oc-98"/>
      </symbol>
      <symbol id="sm-a89">
         <name>__aeabi_memset8</name>
         <value>0x7087</value>
         <object_component_ref idref="oc-98"/>
      </symbol>
      <symbol id="sm-a8a">
         <name>__aeabi_memset4</name>
         <value>0x7087</value>
         <object_component_ref idref="oc-98"/>
      </symbol>
      <symbol id="sm-a8b">
         <name>__aeabi_memclr8</name>
         <value>0x7085</value>
         <object_component_ref idref="oc-98"/>
      </symbol>
      <symbol id="sm-a8c">
         <name>__aeabi_memclr4</name>
         <value>0x7085</value>
         <object_component_ref idref="oc-98"/>
      </symbol>
      <symbol id="sm-a8d">
         <name>__aeabi_memclr</name>
         <value>0x7085</value>
         <object_component_ref idref="oc-98"/>
      </symbol>
      <symbol id="sm-aa4">
         <name>__aeabi_dsub</name>
         <value>0x632d</value>
         <object_component_ref idref="oc-2c7"/>
      </symbol>
      <symbol id="sm-aa5">
         <name>__aeabi_dadd</name>
         <value>0x6337</value>
         <object_component_ref idref="oc-2c7"/>
      </symbol>
      <symbol id="sm-ac7">
         <name>__aeabi_cdcmpeq</name>
         <value>0x6f79</value>
         <object_component_ref idref="oc-2e0"/>
      </symbol>
      <symbol id="sm-ac8">
         <name>__aeabi_cdcmple</name>
         <value>0x6f79</value>
         <object_component_ref idref="oc-2e0"/>
      </symbol>
      <symbol id="sm-ac9">
         <name>__aeabi_cdrcmple</name>
         <value>0x6fff</value>
         <object_component_ref idref="oc-232"/>
      </symbol>
      <symbol id="sm-add">
         <name>__aeabi_ddiv</name>
         <value>0x67a5</value>
         <object_component_ref idref="oc-2cc"/>
      </symbol>
      <symbol id="sm-ae8">
         <name>__aeabi_dmul</name>
         <value>0x6c39</value>
         <object_component_ref idref="oc-22d"/>
      </symbol>
      <symbol id="sm-af2">
         <name>__aeabi_i2d</name>
         <value>0x7235</value>
         <object_component_ref idref="oc-222"/>
      </symbol>
      <symbol id="sm-b0d">
         <name>memcpy</name>
         <value>0x6edd</value>
         <object_component_ref idref="oc-37"/>
      </symbol>
      <symbol id="sm-b0e">
         <name>__aeabi_memcpy</name>
         <value>0x6edd</value>
         <object_component_ref idref="oc-37"/>
      </symbol>
      <symbol id="sm-b0f">
         <name>__aeabi_memcpy8</name>
         <value>0x6edd</value>
         <object_component_ref idref="oc-37"/>
      </symbol>
      <symbol id="sm-b10">
         <name>__aeabi_memcpy4</name>
         <value>0x6edd</value>
         <object_component_ref idref="oc-37"/>
      </symbol>
      <symbol id="sm-b22">
         <name>__TI_zero_init</name>
         <value>0x7299</value>
         <object_component_ref idref="oc-49"/>
      </symbol>
      <symbol id="sm-b39">
         <name>__TI_decompress_none</name>
         <value>0x727d</value>
         <object_component_ref idref="oc-1d"/>
      </symbol>
      <symbol id="sm-b5c">
         <name>__TI_decompress_lzss</name>
         <value>0x70ff</value>
         <object_component_ref idref="oc-17"/>
      </symbol>
      <symbol id="sm-b72">
         <name>__aeabi_errno_addr</name>
         <value>0x72a5</value>
         <object_component_ref idref="oc-2d7"/>
      </symbol>
      <symbol id="sm-b73">
         <name>errno</name>
         <value>0x20008294</value>
         <object_component_ref idref="oc-355"/>
      </symbol>
      <symbol id="sm-b86">
         <name>__stack</name>
         <value>0x2000fe00</value>
         <object_component_ref idref="oc-29"/>
      </symbol>
      <symbol id="sm-b87">
         <name>_c_int00_noargs</name>
         <value>0x7201</value>
         <object_component_ref idref="oc-55"/>
      </symbol>
      <symbol id="sm-b91">
         <name>copysign</name>
         <value>0x7263</value>
         <object_component_ref idref="oc-35d"/>
      </symbol>
      <symbol id="sm-b92">
         <name>copysignl</name>
         <value>0x7263</value>
         <object_component_ref idref="oc-35d"/>
      </symbol>
      <symbol id="sm-bba">
         <name>__TI_auto_init_nobinit_nopinit</name>
         <value>0x71bd</value>
         <object_component_ref idref="oc-153"/>
      </symbol>
      <symbol id="sm-bc4">
         <name>_system_pre_init</name>
         <value>0x72ad</value>
         <object_component_ref idref="oc-9e"/>
      </symbol>
      <symbol id="sm-bd0">
         <name>C$$EXIT</name>
         <value>0x72b1</value>
         <object_component_ref idref="oc-147"/>
      </symbol>
      <symbol id="sm-bd1">
         <name>abort</name>
         <value>0x72b1</value>
         <object_component_ref idref="oc-147"/>
      </symbol>
      <symbol id="sm-bd4">
         <name>__TI_static_base__</name>
         <value>0x0</value>
      </symbol>
      <symbol id="sm-bd7">
         <name>__mpu_init</name>
         <value>0x0</value>
      </symbol>
      <symbol id="sm-bd8">
         <name>_system_post_cinit</name>
         <value>0x0</value>
      </symbol>
      <symbol id="sm-bd9">
         <name>NMI_Handler</name>
         <value>0x7297</value>
      </symbol>
      <symbol id="sm-bda">
         <name>HardFault_Handler</name>
         <value>0x7297</value>
      </symbol>
      <symbol id="sm-bdb">
         <name>MemManage_Handler</name>
         <value>0x7297</value>
      </symbol>
      <symbol id="sm-bdc">
         <name>BusFault_Handler</name>
         <value>0x7297</value>
      </symbol>
      <symbol id="sm-bdd">
         <name>UsageFault_Handler</name>
         <value>0x7297</value>
      </symbol>
      <symbol id="sm-bde">
         <name>SVC_Handler</name>
         <value>0x7297</value>
      </symbol>
      <symbol id="sm-bdf">
         <name>DebugMon_Handler</name>
         <value>0x7297</value>
      </symbol>
      <symbol id="sm-be0">
         <name>PendSV_Handler</name>
         <value>0x7297</value>
      </symbol>
      <symbol id="sm-be1">
         <name>SysTick_Handler</name>
         <value>0x7297</value>
      </symbol>
      <symbol id="sm-be2">
         <name>PSS_IRQHandler</name>
         <value>0x7297</value>
      </symbol>
      <symbol id="sm-be3">
         <name>CS_IRQHandler</name>
         <value>0x7297</value>
      </symbol>
      <symbol id="sm-be4">
         <name>PCM_IRQHandler</name>
         <value>0x7297</value>
      </symbol>
      <symbol id="sm-be5">
         <name>WDT_A_IRQHandler</name>
         <value>0x7297</value>
      </symbol>
      <symbol id="sm-be6">
         <name>FPU_IRQHandler</name>
         <value>0x7297</value>
      </symbol>
      <symbol id="sm-be7">
         <name>FLCTL_IRQHandler</name>
         <value>0x7297</value>
      </symbol>
      <symbol id="sm-be8">
         <name>COMP_E0_IRQHandler</name>
         <value>0x7297</value>
      </symbol>
      <symbol id="sm-be9">
         <name>COMP_E1_IRQHandler</name>
         <value>0x7297</value>
      </symbol>
      <symbol id="sm-bea">
         <name>TA0_0_IRQHandler</name>
         <value>0x7297</value>
      </symbol>
      <symbol id="sm-beb">
         <name>TA0_N_IRQHandler</name>
         <value>0x7297</value>
      </symbol>
      <symbol id="sm-bec">
         <name>TA1_0_IRQHandler</name>
         <value>0x7297</value>
      </symbol>
      <symbol id="sm-bed">
         <name>TA1_N_IRQHandler</name>
         <value>0x7297</value>
      </symbol>
      <symbol id="sm-bee">
         <name>TA2_0_IRQHandler</name>
         <value>0x7297</value>
      </symbol>
      <symbol id="sm-bef">
         <name>TA2_N_IRQHandler</name>
         <value>0x7297</value>
      </symbol>
      <symbol id="sm-bf0">
         <name>TA3_0_IRQHandler</name>
         <value>0x7297</value>
      </symbol>
      <symbol id="sm-bf1">
         <name>TA3_N_IRQHandler</name>
         <value>0x7297</value>
      </symbol>
      <symbol id="sm-bf2">
         <name>EUSCIA0_IRQHandler</name>
         <value>0x7297</value>
      </symbol>
      <symbol id="sm-bf3">
         <name>EUSCIA1_IRQHandler</name>
         <value>0x7297</value>
      </symbol>
      <symbol id="sm-bf4">
         <name>EUSCIA2_IRQHandler</name>
         <value>0x7297</value>
      </symbol>
      <symbol id="sm-bf5">
         <name>EUSCIA3_IRQHandler</name>
         <value>0x7297</value>
      </symbol>
      <symbol id="sm-bf6">
         <name>EUSCIB0_IRQHandler</name>
         <value>0x7297</value>
      </symbol>
      <symbol id="sm-bf7">
         <name>EUSCIB1_IRQHandler</name>
         <value>0x7297</value>
      </symbol>
      <symbol id="sm-bf8">
         <name>EUSCIB2_IRQHandler</name>
         <value>0x7297</value>
      </symbol>
      <symbol id="sm-bf9">
         <name>EUSCIB3_IRQHandler</name>
         <value>0x7297</value>
      </symbol>
      <symbol id="sm-bfa">
         <name>ADC14_IRQHandler</name>
         <value>0x60f5</value>
      </symbol>
      <symbol id="sm-bfb">
         <name>T32_INT1_IRQHandler</name>
         <value>0x7297</value>
      </symbol>
      <symbol id="sm-bfc">
         <name>T32_INT2_IRQHandler</name>
         <value>0x7297</value>
      </symbol>
      <symbol id="sm-bfd">
         <name>T32_INTC_IRQHandler</name>
         <value>0x7297</value>
      </symbol>
      <symbol id="sm-bfe">
         <name>AES256_IRQHandler</name>
         <value>0x7297</value>
      </symbol>
      <symbol id="sm-bff">
         <name>RTC_C_IRQHandler</name>
         <value>0x7297</value>
      </symbol>
      <symbol id="sm-c00">
         <name>DMA_ERR_IRQHandler</name>
         <value>0x7297</value>
      </symbol>
      <symbol id="sm-c01">
         <name>DMA_INT3_IRQHandler</name>
         <value>0x7297</value>
      </symbol>
      <symbol id="sm-c02">
         <name>DMA_INT2_IRQHandler</name>
         <value>0x7297</value>
      </symbol>
      <symbol id="sm-c03">
         <name>DMA_INT1_IRQHandler</name>
         <value>0x7297</value>
      </symbol>
      <symbol id="sm-c04">
         <name>DMA_INT0_IRQHandler</name>
         <value>0x7297</value>
      </symbol>
      <symbol id="sm-c05">
         <name>PORT1_IRQHandler</name>
         <value>0x7297</value>
      </symbol>
      <symbol id="sm-c06">
         <name>PORT2_IRQHandler</name>
         <value>0x7297</value>
      </symbol>
      <symbol id="sm-c07">
         <name>PORT3_IRQHandler</name>
         <value>0x7297</value>
      </symbol>
      <symbol id="sm-c08">
         <name>PORT4_IRQHandler</name>
         <value>0x7297</value>
      </symbol>
      <symbol id="sm-c09">
         <name>PORT5_IRQHandler</name>
         <value>0x7297</value>
      </symbol>
      <symbol id="sm-c0a">
         <name>PORT6_IRQHandler</name>
         <value>0x7297</value>
      </symbol>
   </symbol_table>
   <title>Link successful</title>
</link_info>
